\BOOKMARK [1][-]{section.1}{\376\377\000I\000n\000t\000r\000o\000d\000u\000c\000t\000i\000o\000n}{}% 1
\BOOKMARK [2][-]{subsection.1.1}{\376\377\000P\000u\000r\000p\000o\000s\000e}{section.1}% 2
\BOOKMARK [2][-]{subsection.1.2}{\376\377\000M\000e\000t\000h\000o\000d\000o\000l\000o\000g\000y}{section.1}% 3
\BOOKMARK [2][-]{subsection.1.3}{\376\377\000S\000c\000o\000p\000e}{section.1}% 4
\BOOKMARK [2][-]{subsection.1.4}{\376\377\000K\000e\000y\000\040\000A\000r\000c\000h\000i\000t\000e\000c\000t\000u\000r\000a\000l\000\040\000D\000i\000f\000f\000e\000r\000e\000n\000c\000e\000s}{section.1}% 5
\BOOKMARK [1][-]{section.2}{\376\377\000M\000a\000c\000h\000i\000n\000e\000\040\000M\000o\000d\000e\000l}{}% 6
\BOOKMARK [2][-]{subsection.2.1}{\376\377\000S\000t\000a\000t\000e\000\040\000R\000e\000c\000o\000r\000d}{section.2}% 7
\BOOKMARK [2][-]{subsection.2.2}{\376\377\000H\000e\000a\000p\000\040\000M\000o\000d\000e\000l}{section.2}% 8
\BOOKMARK [2][-]{subsection.2.3}{\376\377\000V\000a\000l\000u\000e\000\040\000R\000e\000p\000r\000e\000s\000e\000n\000t\000a\000t\000i\000o\000n}{section.2}% 9
\BOOKMARK [1][-]{section.3}{\376\377\000S\000t\000a\000c\000k\000\040\000M\000a\000n\000i\000p\000u\000l\000a\000t\000i\000o\000n}{}% 10
\BOOKMARK [2][-]{subsection.3.1}{\376\377\000A\000C\000C}{section.3}% 11
\BOOKMARK [2][-]{subsection.3.2}{\376\377\000P\000U\000S\000H}{section.3}% 12
\BOOKMARK [2][-]{subsection.3.3}{\376\377\000P\000U\000S\000H\000A\000C\000C}{section.3}% 13
\BOOKMARK [2][-]{subsection.3.4}{\376\377\000P\000O\000P}{section.3}% 14
\BOOKMARK [2][-]{subsection.3.5}{\376\377\000A\000S\000S\000I\000G\000N}{section.3}% 15
\BOOKMARK [1][-]{section.4}{\376\377\000E\000n\000v\000i\000r\000o\000n\000m\000e\000n\000t\000\040\000A\000c\000c\000e\000s\000s}{}% 16
\BOOKMARK [2][-]{subsection.4.1}{\376\377\000E\000N\000V\000A\000C\000C}{section.4}% 17
\BOOKMARK [2][-]{subsection.4.2}{\376\377\000P\000U\000S\000H\000E\000N\000V\000A\000C\000C}{section.4}% 18
\BOOKMARK [2][-]{subsection.4.3}{\376\377\000O\000F\000F\000S\000E\000T\000C\000L\000O\000S\000U\000R\000E}{section.4}% 19
\BOOKMARK [2][-]{subsection.4.4}{\376\377\000P\000U\000S\000H\000O\000F\000F\000S\000E\000T\000C\000L\000O\000S\000U\000R\000E}{section.4}% 20
\BOOKMARK [1][-]{section.5}{\376\377\000F\000u\000n\000c\000t\000i\000o\000n\000\040\000A\000p\000p\000l\000i\000c\000a\000t\000i\000o\000n}{}% 21
\BOOKMARK [2][-]{subsection.5.1}{\376\377\000P\000U\000S\000H\000\137\000R\000E\000T\000A\000D\000D\000R}{section.5}% 22
\BOOKMARK [2][-]{subsection.5.2}{\376\377\000A\000P\000P\000L\000Y}{section.5}% 23
\BOOKMARK [2][-]{subsection.5.3}{\376\377\000A\000P\000P\000L\000Y\0001}{section.5}% 24
\BOOKMARK [2][-]{subsection.5.4}{\376\377\000A\000P\000P\000L\000Y\0002}{section.5}% 25
\BOOKMARK [2][-]{subsection.5.5}{\376\377\000A\000P\000P\000L\000Y\0003}{section.5}% 26
\BOOKMARK [2][-]{subsection.5.6}{\376\377\000A\000P\000P\000T\000E\000R\000M}{section.5}% 27
\BOOKMARK [2][-]{subsection.5.7}{\376\377\000A\000P\000P\000T\000E\000R\000M\0001}{section.5}% 28
\BOOKMARK [2][-]{subsection.5.8}{\376\377\000A\000P\000P\000T\000E\000R\000M\0002}{section.5}% 29
\BOOKMARK [2][-]{subsection.5.9}{\376\377\000A\000P\000P\000T\000E\000R\000M\0003}{section.5}% 30
\BOOKMARK [2][-]{subsection.5.10}{\376\377\000R\000E\000T\000U\000R\000N}{section.5}% 31
\BOOKMARK [1][-]{section.6}{\376\377\000C\000l\000o\000s\000u\000r\000e\000\040\000C\000r\000e\000a\000t\000i\000o\000n}{}% 32
\BOOKMARK [2][-]{subsection.6.1}{\376\377\000R\000E\000S\000T\000A\000R\000T}{section.6}% 33
\BOOKMARK [2][-]{subsection.6.2}{\376\377\000G\000R\000A\000B}{section.6}% 34
\BOOKMARK [2][-]{subsection.6.3}{\376\377\000C\000L\000O\000S\000U\000R\000E}{section.6}% 35
\BOOKMARK [2][-]{subsection.6.4}{\376\377\000C\000L\000O\000S\000U\000R\000E\000R\000E\000C}{section.6}% 36
\BOOKMARK [1][-]{section.7}{\376\377\000G\000l\000o\000b\000a\000l\000\040\000V\000a\000r\000i\000a\000b\000l\000e\000s}{}% 37
\BOOKMARK [2][-]{subsection.7.1}{\376\377\000G\000E\000T\000G\000L\000O\000B\000A\000L}{section.7}% 38
\BOOKMARK [2][-]{subsection.7.2}{\376\377\000P\000U\000S\000H\000G\000E\000T\000G\000L\000O\000B\000A\000L}{section.7}% 39
\BOOKMARK [2][-]{subsection.7.3}{\376\377\000G\000E\000T\000G\000L\000O\000B\000A\000L\000F\000I\000E\000L\000D}{section.7}% 40
\BOOKMARK [2][-]{subsection.7.4}{\376\377\000P\000U\000S\000H\000G\000E\000T\000G\000L\000O\000B\000A\000L\000F\000I\000E\000L\000D}{section.7}% 41
\BOOKMARK [2][-]{subsection.7.5}{\376\377\000S\000E\000T\000G\000L\000O\000B\000A\000L}{section.7}% 42
\BOOKMARK [1][-]{section.8}{\376\377\000A\000l\000l\000o\000c\000a\000t\000i\000o\000n}{}% 43
\BOOKMARK [2][-]{subsection.8.1}{\376\377\000A\000T\000O\000M}{section.8}% 44
\BOOKMARK [2][-]{subsection.8.2}{\376\377\000P\000U\000S\000H\000A\000T\000O\000M}{section.8}% 45
\BOOKMARK [2][-]{subsection.8.3}{\376\377\000M\000A\000K\000E\000B\000L\000O\000C\000K}{section.8}% 46
\BOOKMARK [2][-]{subsection.8.4}{\376\377\000M\000A\000K\000E\000B\000L\000O\000C\000K\0001}{section.8}% 47
\BOOKMARK [2][-]{subsection.8.5}{\376\377\000M\000A\000K\000E\000B\000L\000O\000C\000K\0002}{section.8}% 48
\BOOKMARK [2][-]{subsection.8.6}{\376\377\000M\000A\000K\000E\000B\000L\000O\000C\000K\0003}{section.8}% 49
\BOOKMARK [2][-]{subsection.8.7}{\376\377\000M\000A\000K\000E\000F\000L\000O\000A\000T\000B\000L\000O\000C\000K}{section.8}% 50
\BOOKMARK [1][-]{section.9}{\376\377\000F\000i\000e\000l\000d\000\040\000A\000c\000c\000e\000s\000s}{}% 51
\BOOKMARK [2][-]{subsection.9.1}{\376\377\000G\000E\000T\000F\000I\000E\000L\000D}{section.9}% 52
\BOOKMARK [2][-]{subsection.9.2}{\376\377\000G\000E\000T\000F\000L\000O\000A\000T\000F\000I\000E\000L\000D}{section.9}% 53
\BOOKMARK [2][-]{subsection.9.3}{\376\377\000S\000E\000T\000F\000I\000E\000L\000D}{section.9}% 54
\BOOKMARK [2][-]{subsection.9.4}{\376\377\000S\000E\000T\000F\000L\000O\000A\000T\000F\000I\000E\000L\000D}{section.9}% 55
\BOOKMARK [1][-]{section.10}{\376\377\000A\000r\000r\000a\000y\000\040\000a\000n\000d\000\040\000S\000t\000r\000i\000n\000g\000\040\000O\000p\000e\000r\000a\000t\000i\000o\000n\000s}{}% 56
\BOOKMARK [2][-]{subsection.10.1}{\376\377\000V\000E\000C\000T\000L\000E\000N\000G\000T\000H}{section.10}% 57
\BOOKMARK [2][-]{subsection.10.2}{\376\377\000G\000E\000T\000V\000E\000C\000T\000I\000T\000E\000M}{section.10}% 58
\BOOKMARK [2][-]{subsection.10.3}{\376\377\000S\000E\000T\000V\000E\000C\000T\000I\000T\000E\000M}{section.10}% 59
\BOOKMARK [2][-]{subsection.10.4}{\376\377\000G\000E\000T\000S\000T\000R\000I\000N\000G\000C\000H\000A\000R}{section.10}% 60
\BOOKMARK [2][-]{subsection.10.5}{\376\377\000G\000E\000T\000B\000Y\000T\000E\000S\000C\000H\000A\000R}{section.10}% 61
\BOOKMARK [2][-]{subsection.10.6}{\376\377\000S\000E\000T\000B\000Y\000T\000E\000S\000C\000H\000A\000R}{section.10}% 62
\BOOKMARK [1][-]{section.11}{\376\377\000C\000o\000n\000t\000r\000o\000l\000\040\000F\000l\000o\000w}{}% 63
\BOOKMARK [2][-]{subsection.11.1}{\376\377\000B\000R\000A\000N\000C\000H}{section.11}% 64
\BOOKMARK [2][-]{subsection.11.2}{\376\377\000B\000R\000A\000N\000C\000H\000I\000F}{section.11}% 65
\BOOKMARK [2][-]{subsection.11.3}{\376\377\000B\000R\000A\000N\000C\000H\000I\000F\000N\000O\000T}{section.11}% 66
\BOOKMARK [2][-]{subsection.11.4}{\376\377\000S\000W\000I\000T\000C\000H}{section.11}% 67
\BOOKMARK [2][-]{subsection.11.5}{\376\377\000B\000O\000O\000L\000N\000O\000T}{section.11}% 68
\BOOKMARK [1][-]{section.12}{\376\377\000E\000x\000c\000e\000p\000t\000i\000o\000n\000\040\000H\000a\000n\000d\000l\000i\000n\000g}{}% 69
\BOOKMARK [2][-]{subsection.12.1}{\376\377\000P\000U\000S\000H\000T\000R\000A\000P}{section.12}% 70
\BOOKMARK [2][-]{subsection.12.2}{\376\377\000P\000O\000P\000T\000R\000A\000P}{section.12}% 71
\BOOKMARK [2][-]{subsection.12.3}{\376\377\000R\000A\000I\000S\000E}{section.12}% 72
\BOOKMARK [2][-]{subsection.12.4}{\376\377\000R\000E\000R\000A\000I\000S\000E}{section.12}% 73
\BOOKMARK [2][-]{subsection.12.5}{\376\377\000R\000A\000I\000S\000E\000\137\000N\000O\000T\000R\000A\000C\000E}{section.12}% 74
\BOOKMARK [1][-]{section.13}{\376\377\000S\000i\000g\000n\000a\000l\000\040\000H\000a\000n\000d\000l\000i\000n\000g\000\040\000a\000n\000d\000\040\000C\000\040\000C\000a\000l\000l\000s}{}% 75
\BOOKMARK [2][-]{subsection.13.1}{\376\377\000C\000H\000E\000C\000K\000\137\000S\000I\000G\000N\000A\000L\000S}{section.13}% 76
\BOOKMARK [2][-]{subsection.13.2}{\376\377\000C\000\137\000C\000A\000L\000L}{section.13}% 77
\BOOKMARK [1][-]{section.14}{\376\377\000I\000n\000t\000e\000g\000e\000r\000\040\000C\000o\000n\000s\000t\000a\000n\000t\000s}{}% 78
\BOOKMARK [2][-]{subsection.14.1}{\376\377\000C\000O\000N\000S\000T\000I\000N\000T}{section.14}% 79
\BOOKMARK [2][-]{subsection.14.2}{\376\377\000P\000U\000S\000H\000C\000O\000N\000S\000T\000I\000N\000T}{section.14}% 80
\BOOKMARK [1][-]{section.15}{\376\377\000I\000n\000t\000e\000g\000e\000r\000\040\000A\000r\000i\000t\000h\000m\000e\000t\000i\000c}{}% 81
\BOOKMARK [2][-]{subsection.15.1}{\376\377\000N\000E\000G\000I\000N\000T}{section.15}% 82
\BOOKMARK [2][-]{subsection.15.2}{\376\377\000A\000D\000D\000I\000N\000T}{section.15}% 83
\BOOKMARK [2][-]{subsection.15.3}{\376\377\000S\000U\000B\000I\000N\000T}{section.15}% 84
\BOOKMARK [2][-]{subsection.15.4}{\376\377\000M\000U\000L\000I\000N\000T}{section.15}% 85
\BOOKMARK [2][-]{subsection.15.5}{\376\377\000D\000I\000V\000I\000N\000T}{section.15}% 86
\BOOKMARK [2][-]{subsection.15.6}{\376\377\000M\000O\000D\000I\000N\000T}{section.15}% 87
\BOOKMARK [2][-]{subsection.15.7}{\376\377\000A\000N\000D\000I\000N\000T}{section.15}% 88
\BOOKMARK [2][-]{subsection.15.8}{\376\377\000O\000R\000I\000N\000T}{section.15}% 89
\BOOKMARK [2][-]{subsection.15.9}{\376\377\000X\000O\000R\000I\000N\000T}{section.15}% 90
\BOOKMARK [2][-]{subsection.15.10}{\376\377\000L\000S\000L\000I\000N\000T}{section.15}% 91
\BOOKMARK [2][-]{subsection.15.11}{\376\377\000L\000S\000R\000I\000N\000T}{section.15}% 92
\BOOKMARK [2][-]{subsection.15.12}{\376\377\000A\000S\000R\000I\000N\000T}{section.15}% 93
\BOOKMARK [1][-]{section.16}{\376\377\000C\000o\000m\000p\000a\000r\000i\000s\000o\000n\000s}{}% 94
\BOOKMARK [2][-]{subsection.16.1}{\376\377\000E\000Q}{section.16}% 95
\BOOKMARK [2][-]{subsection.16.2}{\376\377\000N\000E\000Q}{section.16}% 96
\BOOKMARK [2][-]{subsection.16.3}{\376\377\000L\000T\000I\000N\000T}{section.16}% 97
\BOOKMARK [2][-]{subsection.16.4}{\376\377\000L\000E\000I\000N\000T}{section.16}% 98
\BOOKMARK [2][-]{subsection.16.5}{\376\377\000G\000T\000I\000N\000T}{section.16}% 99
\BOOKMARK [2][-]{subsection.16.6}{\376\377\000G\000E\000I\000N\000T}{section.16}% 100
\BOOKMARK [2][-]{subsection.16.7}{\376\377\000O\000F\000F\000S\000E\000T\000I\000N\000T}{section.16}% 101
\BOOKMARK [2][-]{subsection.16.8}{\376\377\000O\000F\000F\000S\000E\000T\000R\000E\000F}{section.16}% 102
\BOOKMARK [2][-]{subsection.16.9}{\376\377\000I\000S\000I\000N\000T}{section.16}% 103
\BOOKMARK [1][-]{section.17}{\376\377\000U\000n\000s\000i\000g\000n\000e\000d\000\040\000C\000o\000m\000p\000a\000r\000i\000s\000o\000n\000s}{}% 104
\BOOKMARK [2][-]{subsection.17.1}{\376\377\000U\000L\000T\000I\000N\000T}{section.17}% 105
\BOOKMARK [2][-]{subsection.17.2}{\376\377\000U\000G\000E\000I\000N\000T}{section.17}% 106
\BOOKMARK [1][-]{section.18}{\376\377\000B\000r\000a\000n\000c\000h\000\040\000C\000o\000m\000p\000a\000r\000i\000s\000o\000n\000s}{}% 107
\BOOKMARK [2][-]{subsection.18.1}{\376\377\000B\000E\000Q}{section.18}% 108
\BOOKMARK [2][-]{subsection.18.2}{\376\377\000B\000N\000E\000Q}{section.18}% 109
\BOOKMARK [2][-]{subsection.18.3}{\376\377\000B\000L\000T\000I\000N\000T}{section.18}% 110
\BOOKMARK [2][-]{subsection.18.4}{\376\377\000B\000L\000E\000I\000N\000T}{section.18}% 111
\BOOKMARK [2][-]{subsection.18.5}{\376\377\000B\000G\000T\000I\000N\000T}{section.18}% 112
\BOOKMARK [2][-]{subsection.18.6}{\376\377\000B\000G\000E\000I\000N\000T}{section.18}% 113
\BOOKMARK [2][-]{subsection.18.7}{\376\377\000B\000U\000L\000T\000I\000N\000T}{section.18}% 114
\BOOKMARK [2][-]{subsection.18.8}{\376\377\000B\000U\000G\000E\000I\000N\000T}{section.18}% 115
\BOOKMARK [1][-]{section.19}{\376\377\000O\000b\000j\000e\000c\000t\000-\000O\000r\000i\000e\000n\000t\000e\000d\000\040\000O\000p\000e\000r\000a\000t\000i\000o\000n\000s}{}% 116
\BOOKMARK [2][-]{subsection.19.1}{\376\377\000G\000E\000T\000M\000E\000T\000H\000O\000D}{section.19}% 117
\BOOKMARK [2][-]{subsection.19.2}{\376\377\000G\000E\000T\000P\000U\000B\000M\000E\000T}{section.19}% 118
\BOOKMARK [2][-]{subsection.19.3}{\376\377\000G\000E\000T\000D\000Y\000N\000M\000E\000T}{section.19}% 119
\BOOKMARK [1][-]{section.20}{\376\377\000M\000i\000s\000c\000e\000l\000l\000a\000n\000e\000o\000u\000s}{}% 120
\BOOKMARK [2][-]{subsection.20.1}{\376\377\000S\000T\000O\000P}{section.20}% 121
\BOOKMARK [2][-]{subsection.20.2}{\376\377\000E\000V\000E\000N\000T}{section.20}% 122
\BOOKMARK [2][-]{subsection.20.3}{\376\377\000B\000R\000E\000A\000K}{section.20}% 123
\BOOKMARK [2][-]{subsection.20.4}{\376\377\000P\000E\000R\000F\000O\000R\000M}{section.20}% 124
\BOOKMARK [2][-]{subsection.20.5}{\376\377\000R\000E\000S\000U\000M\000E}{section.20}% 125
\BOOKMARK [2][-]{subsection.20.6}{\376\377\000R\000E\000S\000U\000M\000E\000T\000E\000R\000M}{section.20}% 126
\BOOKMARK [2][-]{subsection.20.7}{\376\377\000R\000E\000P\000E\000R\000F\000O\000R\000M\000T\000E\000R\000M}{section.20}% 127
\BOOKMARK [1][-]{section.21}{\376\377\000F\000i\000n\000d\000i\000n\000g\000s\000\040\000S\000u\000m\000m\000a\000r\000y}{}% 128
\BOOKMARK [2][-]{subsection.21.1}{\376\377\000S\000t\000a\000t\000i\000s\000t\000i\000c\000s}{section.21}% 129
\BOOKMARK [2][-]{subsection.21.2}{\376\377\000S\000u\000m\000m\000a\000r\000y\000\040\000T\000a\000b\000l\000e}{section.21}% 130
\BOOKMARK [1][-]{section.22}{\376\377\000K\000n\000o\000w\000n\000\040\000D\000i\000s\000c\000r\000e\000p\000a\000n\000c\000i\000e\000s\000\040\000a\000n\000d\000\040\000A\000c\000t\000i\000o\000n\000\040\000I\000t\000e\000m\000s}{}% 131
\BOOKMARK [2][-]{subsection.22.1}{\376\377\000B\000u\000g\000:\000\040\000S\000E\000T\000F\000L\000O\000A\000T\000F\000I\000E\000L\000D\000\040\000o\000p\000e\000r\000a\000n\000d\000\040\000i\000n\000v\000e\000r\000s\000i\000o\000n}{section.22}% 132
\BOOKMARK [2][-]{subsection.22.2}{\376\377\000S\000y\000s\000t\000e\000m\000i\000c\000:\000\040\000c\000l\000o\000s\000i\000n\000f\000o\000\040\000f\000i\000e\000l\000d\000\040\000h\000a\000r\000d\000c\000o\000d\000e\000d\000\040\000t\000o\000\040\0000}{section.22}% 133
\BOOKMARK [2][-]{subsection.22.3}{\376\377\000S\000i\000m\000p\000l\000i\000f\000i\000c\000a\000t\000i\000o\000n\000:\000\040\000s\000t\000r\000u\000c\000t\000u\000r\000a\000l\000\040\000v\000s\000.\000\040\000p\000h\000y\000s\000i\000c\000a\000l\000\040\000e\000q\000u\000a\000l\000i\000t\000y}{section.22}% 134
\BOOKMARK [2][-]{subsection.22.4}{\376\377\000S\000i\000m\000p\000l\000i\000f\000i\000c\000a\000t\000i\000o\000n\000:\000\040\000G\000E\000T\000P\000U\000B\000M\000E\000T\000/\000G\000E\000T\000D\000Y\000N\000M\000E\000T\000\040\000l\000i\000n\000e\000a\000r\000\040\000s\000c\000a\000n}{section.22}% 135
\BOOKMARK [2][-]{subsection.22.5}{\376\377\000S\000i\000m\000p\000l\000i\000f\000i\000c\000a\000t\000i\000o\000n\000:\000\040\000f\000l\000o\000a\000t\000\040\000r\000e\000p\000r\000e\000s\000e\000n\000t\000a\000t\000i\000o\000n}{section.22}% 136
\BOOKMARK [2][-]{subsection.22.6}{\376\377\000N\000o\000t\000e\000:\000\040\000i\000n\000f\000i\000x\000\040\000h\000e\000a\000d\000e\000r\000s\000\040\000i\000n\000\040\000C\000L\000O\000S\000U\000R\000E\000R\000E\000C}{section.22}% 137
